// Jest Snapshot v1, https://goo.gl/fbAQLP

exports[`DOM render should show "sign In" view in the DOM 1`] = `
"
        <div id=\\"signInContainer\\">
          <img id=\\"bigSnipple\\" src=\\"resources/garabato.png\\" alt=\\"logo\\" class=\\"link\\">
          <h1 id=\\"signInTitle\\">Iniciar sesión</h1>
          <form>
            <input id=\\"userEmail\\" type=\\"text\\" placeholder=\\"Tu correo electrónico\\">
            <input id=\\"userPassword\\" type=\\"password\\" placeholder=\\"Tu contraseña\\">
            <button class=\\"button\\" data-action=\\"signInUser\\">Acceder</button>
          </form>
        </div>
        <div class=\\"signInButton\\">
        <button id=\\"googleSignInButton\\" class=\\"button\\" data-action=\\"signInWithGoogle\\">Iniciar sesión con Google</button>
        </div>
      "
`;

exports[`Testing delete confirmation modal template should render the modal in the DOM 1`] = `
" 
       <div class=\\"modal\\">
        <div class=\\"modal-content\\">
            <span class=\\"close-button\\">×</span>
            <p>Confirma que deseas eliminar este post</p>
              <button class=\\"button\\" id=\\"confirm\\" \\"data-action=\\"confirm\\">Confirmar</button>
              <button class=\\"button\\" id=\\"cancel\\" data-action=\\"cancel\\">Cancelar</button>
        </div>
    </div> 
      "
`;
